+----------------------------------------------------------------------+
|                               Basic LL                               |
+----------------------------------------------------------------------+
Insert 40
{K:40, C:BLACK, L:0, PK:NULL}

Insert 20
{K:40, C:BLACK, L:0, PK:NULL}
{K:20, C:RED, L:1, PK:40}

Insert 10
{K:20, C:BLACK, L:0, PK:NULL}
{K:10, C:RED, L:1, PK:20}{K:40, C:RED, L:1, PK:20}

+----------------------------------------------------------------------+
|                               Basic LR                               |
+----------------------------------------------------------------------+
Insert 40
{K:40, C:BLACK, L:0, PK:NULL}

Insert 20
{K:40, C:BLACK, L:0, PK:NULL}
{K:20, C:RED, L:1, PK:40}

Insert 30
{K:30, C:BLACK, L:0, PK:NULL}
{K:20, C:RED, L:1, PK:30}{K:40, C:RED, L:1, PK:30}

+----------------------------------------------------------------------+
|                               Basic RL                               |
+----------------------------------------------------------------------+
Insert 40
{K:40, C:BLACK, L:0, PK:NULL}

Insert 60
{K:40, C:BLACK, L:0, PK:NULL}
{K:60, C:RED, L:1, PK:40}

Insert 50
{K:50, C:BLACK, L:0, PK:NULL}
{K:40, C:RED, L:1, PK:50}{K:60, C:RED, L:1, PK:50}

+----------------------------------------------------------------------+
|                               Basic RR                               |
+----------------------------------------------------------------------+
Insert 40
{K:40, C:BLACK, L:0, PK:NULL}

Insert 60
{K:40, C:BLACK, L:0, PK:NULL}
{K:60, C:RED, L:1, PK:40}

Insert 70
{K:60, C:BLACK, L:0, PK:NULL}
{K:40, C:RED, L:1, PK:60}{K:70, C:RED, L:1, PK:60}

